// Jest Snapshot v1, https://goo.gl/fbAQLP

exports[`Icon - Demo Font icon 1`] = `
<div class="n22-example-child n22-example-child-icon n22-example-child-icon-0">
  <div class="n22-example-item"><i class="n22-icon icon-font n22-icon-rectangle rectangle lg" style="color:;"></i>
    <p>rectangle</p>
  </div>
  <div class="n22-example-item"><i class="n22-icon icon-font n22-icon-right right lg" style="color:;"></i>
    <p>right</p>
  </div>
  <div class="n22-example-item"><i class="n22-icon icon-font n22-icon-wrong wrong lg" style="color:;"></i>
    <p>wrong</p>
  </div>
  <div class="n22-example-item"><i class="n22-icon icon-font n22-icon-arrow-left arrow-left lg" style="color:;"></i>
    <p>arrow-left</p>
  </div>
  <div class="n22-example-item"><i class="n22-icon icon-font n22-icon-arrow-right arrow-right lg" style="color:;"></i>
    <p>arrow-right</p>
  </div>
  <div class="n22-example-item"><i class="n22-icon icon-font n22-icon-arrow-up arrow-up lg" style="color:;"></i>
    <p>arrow-up</p>
  </div>
  <div class="n22-example-item"><i class="n22-icon icon-font n22-icon-arrow-down arrow-down lg" style="color:;"></i>
    <p>arrow-down</p>
  </div>
  <div class="n22-example-item"><i class="n22-icon icon-font n22-icon-invisible invisible lg" style="color:;"></i>
    <p>invisible</p>
  </div>
  <div class="n22-example-item"><i class="n22-icon icon-font n22-icon-visible visible lg" style="color:;"></i>
    <p>visible</p>
  </div>
  <div class="n22-example-item"><i class="n22-icon icon-font n22-icon-service service lg" style="color:;"></i>
    <p>service</p>
  </div>
  <div class="n22-example-item"><i class="n22-icon icon-font n22-icon-setting setting lg" style="color:;"></i>
    <p>setting</p>
  </div>
  <div class="n22-example-item"><i class="n22-icon icon-font n22-icon-close close lg" style="color:;"></i>
    <p>close</p>
  </div>
  <div class="n22-example-item"><i class="n22-icon icon-font n22-icon-refresh refresh lg" style="color:;"></i>
    <p>refresh</p>
  </div>
  <div class="n22-example-item"><i class="n22-icon icon-font n22-icon-edit edit lg" style="color:;"></i>
    <p>edit</p>
  </div>
  <div class="n22-example-item"><i class="n22-icon icon-font n22-icon-sort sort lg" style="color:;"></i>
    <p>sort</p>
  </div>
  <div class="n22-example-item"><i class="n22-icon icon-font n22-icon-info info lg" style="color:;"></i>
    <p>info</p>
  </div>
  <div class="n22-example-item"><i class="n22-icon icon-font n22-icon-question question lg" style="color:;"></i>
    <p>question</p>
  </div>
  <div class="n22-example-item"><i class="n22-icon icon-font n22-icon-security security lg" style="color:;"></i>
    <p>security</p>
  </div>
  <div class="n22-example-item"><i class="n22-icon icon-font n22-icon-rmb rmb lg" style="color:;"></i>
    <p>rmb</p>
  </div>
  <div class="n22-example-item"><i class="n22-icon icon-font n22-icon-wait wait lg" style="color:;"></i>
    <p>wait</p>
  </div>
  <div class="n22-example-item"><i class="n22-icon icon-font n22-icon-check check lg" style="color:;"></i>
    <p>check</p>
  </div>
  <div class="n22-example-item"><i class="n22-icon icon-font n22-icon-checked checked lg" style="color:;"></i>
    <p>checked/success</p>
  </div>
  <div class="n22-example-item"><i class="n22-icon icon-font n22-icon-check-disabled check-disabled lg" style="color:;"></i>
    <p>check-disabled</p>
  </div>
  <div class="n22-example-item"><i class="n22-icon icon-font n22-icon-clear clear lg" style="color:;"></i>
    <p>clear/fail</p>
  </div>
  <div class="n22-example-item"><i class="n22-icon icon-font n22-icon-warn warn lg" style="color:;"></i>
    <p>warn</p>
  </div>
  <div class="n22-example-item"><i class="n22-icon icon-font n22-icon-info-solid info-solid lg" style="color:;"></i>
    <p>info-solid</p>
  </div>
  <div class="n22-example-item"><i class="n22-icon icon-font n22-icon-scan scan lg" style="color:;"></i>
    <p>scan</p>
  </div>
  <div class="n22-example-item"><i class="n22-icon icon-font n22-icon-share share lg" style="color:;"></i>
    <p>share</p>
  </div>
  <div class="n22-example-item"><i class="n22-icon icon-font n22-icon-back back lg" style="color:;"></i>
    <p>back</p>
  </div>
  <div class="n22-example-item"><i class="n22-icon icon-font n22-icon-card-bag card-bag lg" style="color:;"></i>
    <p>card-bag</p>
  </div>
  <div class="n22-example-item"><i class="n22-icon icon-font n22-icon-message message lg" style="color:;"></i>
    <p>message</p>
  </div>
  <div class="n22-example-item"><i class="n22-icon icon-font n22-icon-order order lg" style="color:;"></i>
    <p>order</p>
  </div>
  <div class="n22-example-item"><i class="n22-icon icon-font n22-icon-balance balance lg" style="color:;"></i>
    <p>balance</p>
  </div>
  <div class="n22-example-item"><i class="n22-icon icon-font n22-icon-coupon coupon lg" style="color:;"></i>
    <p>coupon</p>
  </div>
  <div class="n22-example-item"><i class="n22-icon icon-font n22-icon-address-book address-book lg" style="color:;"></i>
    <p>address-book</p>
  </div>
  <div class="n22-example-item"><i class="n22-icon icon-font n22-icon-mobile-phone mobile-phone lg" style="color:;"></i>
    <p>mobile-phone</p>
  </div>
  <div class="n22-example-item"><i class="n22-icon icon-font n22-icon-calendar calendar lg" style="color:;"></i>
    <p>calendar</p>
  </div>
  <div class="n22-example-item"><i class="n22-icon icon-font n22-icon-home home lg" style="color:;"></i>
    <p>home</p>
  </div>
  <div class="n22-example-item"><i class="n22-icon icon-font n22-icon-discovery discovery lg" style="color:;"></i>
    <p>discovery</p>
  </div>
  <div class="n22-example-item"><i class="n22-icon icon-font n22-icon-switch switch lg" style="color:;"></i>
    <p>switch</p>
  </div>
  <div class="n22-example-item"><i class="n22-icon icon-font n22-icon-time time lg" style="color:;"></i>
    <p>time</p>
  </div>
  <div class="n22-example-item"><i class="n22-icon icon-font n22-icon-search search lg" style="color:;"></i>
    <p>search</p>
  </div>
  <div class="n22-example-item"><i class="n22-icon icon-font n22-icon-user user lg" style="color:;"></i>
    <p>user</p>
  </div>
  <div class="n22-example-item"><i class="n22-icon icon-font n22-icon-camera camera lg" style="color:;"></i>
    <p>camera</p>
  </div>
  <div class="n22-example-item"><i class="n22-icon icon-font n22-icon-clock clock lg" style="color:;"></i>
    <p>clock</p>
  </div>
  <div class="n22-example-item"><i class="n22-icon icon-font n22-icon-delete delete lg" style="color:;"></i>
    <p>delete</p>
  </div>
  <div class="n22-example-item"><i class="n22-icon icon-font n22-icon-profession profession lg" style="color:;"></i>
    <p>profession</p>
  </div>
  <div class="n22-example-item"><i class="n22-icon icon-font n22-icon-id-card id-card lg" style="color:;"></i>
    <p>id-card</p>
  </div>
  <div class="n22-example-item"><i class="n22-icon icon-font n22-icon-authentication authentication lg" style="color:;"></i>
    <p>authentication</p>
  </div>
  <div class="n22-example-item"><i class="n22-icon icon-font n22-icon-location location lg" style="color:;"></i>
    <p>location</p>
  </div>
  <div class="n22-example-item"><i class="n22-icon icon-font n22-icon-filter filter lg" style="color:;"></i>
    <p>filter</p>
  </div>
  <div class="n22-example-item"><i class="n22-icon icon-font n22-icon-motor-vehicle motor-vehicle lg" style="color:;"></i>
    <p>motor-vehicle</p>
  </div>
  <div class="n22-example-item"><i class="n22-icon icon-font n22-icon-phone phone lg" style="color:;"></i>
    <p>phone</p>
  </div>
  <div class="n22-example-item"><i class="n22-icon icon-font n22-icon-volumn volumn lg" style="color:;"></i>
    <p>volumn</p>
  </div>
</div>
`;

exports[`Icon - Demo Icon color 1`] = `
<div class="n22-example-child n22-example-child-icon n22-example-child-icon-3">
  <div class="n22-example-item-s"><i class="n22-icon icon-font n22-icon-security security md" style="color:gray;"></i>
    <p>gray</p>
  </div>
  <div class="n22-example-item-s"><i class="n22-icon icon-font n22-icon-security security md" style="color:orange;"></i>
    <p>orange</p>
  </div>
  <div class="n22-example-item-s"><i class="n22-icon icon-font n22-icon-security security md" style="color:blue;"></i>
    <p>blue</p>
  </div>
  <div class="n22-example-item-s"><i class="n22-icon icon-font n22-icon-security security md" style="color:purple;"></i>
    <p>purple</p>
  </div>
</div>
`;

exports[`Icon - Demo Icon size 1`] = `
<div class="n22-example-child n22-example-child-icon n22-example-child-icon-2">
  <div class="n22-example-item-s"><i class="n22-icon icon-font n22-icon-location location xs" style="color:;"></i>
    <p>xs</p>
  </div>
  <div class="n22-example-item-s"><i class="n22-icon icon-font n22-icon-location location sm" style="color:;"></i>
    <p>sm</p>
  </div>
  <div class="n22-example-item-s"><i class="n22-icon icon-font n22-icon-location location md" style="color:;"></i>
    <p>md</p>
  </div>
  <div class="n22-example-item-s"><i class="n22-icon icon-font n22-icon-location location lg" style="color:;"></i>
    <p>lg</p>
  </div>
</div>
`;

exports[`Icon - Demo Svg icon 1`] = `
<div class="n22-example-child n22-example-child-icon n22-example-child-icon-1">
  <div class="n22-example-item-s"><svg class="n22-icon icon-svg n22-icon-spinner lg" style="fill:;-webkit-filter:invert(1);">
      <use xlink:href="#spinner"></use>
    </svg>
    <p>spinner</p>
  </div>
  <div class="n22-example-item-s"><svg class="n22-icon icon-svg n22-icon-success-color lg" style="fill:;">
      <use xlink:href="#success-color"></use>
    </svg>
    <p>success-color</p>
  </div>
  <div class="n22-example-item-s"><svg class="n22-icon icon-svg n22-icon-warn-color lg" style="fill:;">
      <use xlink:href="#warn-color"></use>
    </svg>
    <p>warn-color</p>
  </div>
</div>
`;
