// Jest Snapshot v1, https://goo.gl/fbAQLP

exports[`Check - Demo Check box 1`] = `
<div class="n22-example-child n22-example-child-check n22-example-child-check-2">
  <div class="n22-check-box is-disabled">日缴
    <!---->
  </div>
  <div class="n22-check-box">月付
    <!---->
  </div>
  <div class="n22-check-box">季度费
    <!---->
  </div>
</div>
`;

exports[`Check - Demo Check box group 1`] = `
<div class="n22-example-child n22-example-child-check n22-example-child-check-3">
  <div class="n22-check-group">
    <div class="n22-check-box is-disabled is-checked">自己 <div class="n22-tag">
        <div class="default size-tiny shape-quarter type-fill font-weight-normal">
          <div class="quarter-content"><i class="n22-icon icon-font n22-icon-right right md" style="color:;"></i></div>
          <div class="quarter-bg"></div>
        </div>
      </div>
    </div>
    <div class="n22-check-box">配偶
      <!---->
    </div>
    <div class="n22-check-box">父母
      <!---->
    </div>
    <div class="n22-check-box">子女
      <!---->
    </div>
  </div>
</div>
`;

exports[`Check - Demo Check list 1`] = `
<div class="n22-example-child n22-example-child-check n22-example-child-check-4">
  <fieldset class="n22-field">
    <header class="n22-field-header">
      <div class="n22-field-heading">
        <legend class="n22-field-title">复选列表</legend>
        <!---->
      </div>
      <div class="n22-field-action"></div>
    </header>
    <div class="n22-field-content">
      <div class="n22-check-group n22-check-list">
        <div class="n22-cell-item n22-check-item">
          <div class="n22-cell-item-body">
            <!---->
            <div class="n22-cell-item-content">
              <p class="n22-cell-item-title">西瓜</p>
              <!---->
            </div>
            <div class="n22-cell-item-right"><label class="n22-check">
                <div class="n22-check-icon"><i class="n22-icon icon-font n22-icon-check check md" style="color:;"></i></div>
                <!---->
              </label>
              <!---->
            </div>
          </div>
          <!---->
        </div>
        <div class="n22-cell-item n22-check-item is-checked">
          <div class="n22-cell-item-body">
            <!---->
            <div class="n22-cell-item-content">
              <p class="n22-cell-item-title">苹果</p>
              <!---->
            </div>
            <div class="n22-cell-item-right"><label class="n22-check is-checked">
                <div class="n22-check-icon"><i class="n22-icon icon-font n22-icon-checked checked md" style="color:;"></i></div>
                <!---->
              </label>
              <!---->
            </div>
          </div>
          <!---->
        </div>
        <div class="n22-cell-item n22-check-item">
          <div class="n22-cell-item-body">
            <!---->
            <div class="n22-cell-item-content">
              <p class="n22-cell-item-title">香蕉</p>
              <!---->
            </div>
            <div class="n22-cell-item-right"><label class="n22-check">
                <div class="n22-check-icon"><i class="n22-icon icon-font n22-icon-check check md" style="color:;"></i></div>
                <!---->
              </label>
              <!---->
            </div>
          </div>
          <!---->
        </div>
        <div class="n22-cell-item n22-check-item">
          <div class="n22-cell-item-body">
            <!---->
            <div class="n22-cell-item-content">
              <p class="n22-cell-item-title">橙子</p>
              <!---->
            </div>
            <div class="n22-cell-item-right"><label class="n22-check">
                <div class="n22-check-icon"><i class="n22-icon icon-font n22-icon-check check md" style="color:;"></i></div>
                <!---->
              </label>
              <!---->
            </div>
          </div>
          <!---->
        </div>
        <div class="n22-cell-item n22-check-item is-disabled">
          <div class="n22-cell-item-body">
            <!---->
            <div class="n22-cell-item-content">
              <p class="n22-cell-item-title">西红柿</p>
              <!---->
            </div>
            <div class="n22-cell-item-right"><label class="n22-check is-disabled">
                <div class="n22-check-icon"><i class="n22-icon icon-font n22-icon-check-disabled check-disabled md" style="color:;"></i></div>
                <!---->
              </label>
              <!---->
            </div>
          </div>
          <!---->
        </div>
      </div>
    </div>
    <!---->
  </fieldset>
</div>
`;

exports[`Check - Demo Check options 1`] = `
<div class="n22-example-child n22-example-child-check n22-example-child-check-0"><label class="n22-check">
    <div class="n22-check-icon"><i class="n22-icon icon-font n22-icon-check check md" style="color:;"></i></div>
    <div class="n22-check-label">复选项</div>
  </label> <label class="n22-check is-disabled">
    <div class="n22-check-icon"><i class="n22-icon icon-font n22-icon-check-disabled check-disabled md" style="color:;"></i></div>
    <div class="n22-check-label">禁用</div>
  </label></div>
`;

exports[`Check - Demo Check options group 1`] = `
<div class="n22-example-child n22-example-child-check n22-example-child-check-1">
  <div class="n22-check-group"><label class="n22-check">
      <div class="n22-check-icon"><i class="n22-icon icon-font n22-icon-check check md" style="color:;"></i></div>
      <div class="n22-check-label">西瓜</div>
    </label> <label class="n22-check is-checked">
      <div class="n22-check-icon"><i class="n22-icon icon-font n22-icon-checked checked md" style="color:;"></i></div>
      <div class="n22-check-label">苹果</div>
    </label> <label class="n22-check">
      <div class="n22-check-icon"><i class="n22-icon icon-font n22-icon-check check md" style="color:;"></i></div>
      <div class="n22-check-label">香蕉</div>
    </label> <label class="n22-check">
      <div class="n22-check-icon"><i class="n22-icon icon-font n22-icon-check check md" style="color:;"></i></div>
      <div class="n22-check-label">橙子</div>
    </label> <label class="n22-check is-disabled">
      <div class="n22-check-icon"><i class="n22-icon icon-font n22-icon-check-disabled check-disabled md" style="color:;"></i></div>
      <div class="n22-check-label">西红柿</div>
    </label></div>
</div>
`;
